--- SYNC 2026-05-24 19:18:46 UTC ---
Status: success
Branches updated: 0
Tags updated: 0
Notes: Fork was already current with upstream; sync-logs branch recreated (deleted by mirror push as expected)

--- SYNC 2026-05-24 19:20:58 UTC ---
Status: success
Branches updated: 0
Tags updated: 0
Notes: Fork already up-to-date with upstream; no refs needed updating


--- SYNC 2026-05-26 07:09:55 UTC ---
Status: success
Branches updated: 1
Tags updated: 0
Notes: none

--- SYNC 2026-05-27 07:07:23 UTC ---
Status: success
Branches updated: 1
Tags updated: 0
Notes: none

--- SYNC 2026-05-28 07:08:37 UTC ---
Status: success
Branches updated: 0
Tags updated: 0
Notes: Fork already up-to-date with upstream; no refs needed updating

--- SYNC 2026-05-29 07:07:30 UTC ---
Status: success
Branches updated: 0
Tags updated: 0
Notes: Fork already up-to-date with upstream; no refs required updating

--- SYNC 2026-05-30 07:06:42 UTC ---
Status: success
Branches updated: 0
Tags updated: 0
Notes: none

--- SYNC 2026-06-01 07:07:45 UTC ---
Status: success
Branches updated: 1
Tags updated: 0
Notes: master advanced d89a8a14..7248bece; no new branches or tags

--- SYNC 2026-06-02 07:07:09 UTC ---
Status: success
Branches updated: 0
Tags updated: 0
Notes: Repo already up-to-date with upstream; no refs changed.

--- SYNC 2026-06-03 07:07:12 UTC ---
Status: success
Branches updated: 0
Tags updated: 0
Notes: Fork already up-to-date with upstream; no refs needed updating.

--- SYNC 2026-06-04 07:07:15 UTC ---
Status: success
Branches updated: 0
Tags updated: 0
Notes: none

--- SYNC 2026-06-05 07:07:31 UTC ---
Status: success
Branches updated: 0
Tags updated: 0
Notes: Fork already up-to-date with upstream; no refs needed updating

--- SYNC 2026-06-06 07:07:41 UTC ---
Status: success
Branches updated: 1
Tags updated: 0
Notes: none

--- SYNC 2026-06-07 07:05:37 UTC ---
Status: success
Branches updated: 0
Tags updated: 0
Notes: Fork already up-to-date with upstream; no refs needed updating

--- SYNC 2026-06-08 07:06:24 UTC ---
Status: success
Branches updated: 0
Tags updated: 0
Notes: Fork already up-to-date with upstream PokeAPI; no refs required updating

--- SYNC 2026-06-09 07:06:57 UTC ---
Status: success
Branches updated: 0
Tags updated: 0
Notes: Fork already up-to-date with upstream; no refs needed updating

--- SYNC 2026-06-10 07:06:58 UTC ---
Status: success
Branches updated: 1
Tags updated: 0
Notes: none

--- SYNC 2026-06-11 07:07:54 UTC ---
Status: success
Branches updated: 0
Tags updated: 0
Notes: fork already up-to-date with upstream; no refs required updating

--- SYNC 2026-06-12 07:06:45 UTC ---
Status: success
Branches updated: 1
Tags updated: 0
Notes: master updated e1c81626..f43c3a82

--- SYNC 2026-06-13 07:05:42 UTC ---
Status: success
Branches updated: 0
Tags updated: 0
Notes: Fork already up-to-date with upstream; no refs required updating.

--- SYNC 2026-06-14 07:05:45 UTC ---
Status: success
Branches updated: 0
Tags updated: 0
Notes: Everything up-to-date; fork already matched upstream
